"DescriptionFormer"
"Otu0001",FALSE
"Otu0003",FALSE
"Otu0005",FALSE
"Otu0006",FALSE
"Otu0009",FALSE
"Otu0010",FALSE
"Otu0012",FALSE
"Otu0015",FALSE
"Otu0016",FALSE
"Otu0017",FALSE
"Otu0018",FALSE
"Otu0020",FALSE
"Otu0021",FALSE
"Otu0022",FALSE
"Otu0023",FALSE
"Otu0025",FALSE
"Otu0026",FALSE
"Otu0027",FALSE
"Otu0028",FALSE
"Otu0029",FALSE
"Otu0030",FALSE
"Otu0031",FALSE
"Otu0032",FALSE
"Otu0033",FALSE
"Otu0034",FALSE
"Otu0035",FALSE
"Otu0036",FALSE
"Otu0037",FALSE
"Otu0038",FALSE
"Otu0039",FALSE
"Otu0040",FALSE
"Otu0041",FALSE
"Otu0042",FALSE
"Otu0043",FALSE
"Otu0044",FALSE
"Otu0046",FALSE
"Otu0047",FALSE
"Otu0050",FALSE
"Otu0051",FALSE
"Otu0052",FALSE
"Otu0054",FALSE
"Otu0057",FALSE
"Otu0061",FALSE
"Otu0062",FALSE
"Otu0066",FALSE
"Otu0068",FALSE
"Otu0069",FALSE
"Otu0070",FALSE
"Otu0072",FALSE
"Otu0073",FALSE
"Otu0075",FALSE
"Otu0077",FALSE
"Otu0078",FALSE
"Otu0085",FALSE
"Otu0088",FALSE
"Otu0089",FALSE
"Otu0091",FALSE
"Otu0099",FALSE
"Otu0103",FALSE
"Otu0104",FALSE
"Otu0105",FALSE
"Otu0106",FALSE
"Otu0108",FALSE
"Otu0118",FALSE
"Otu0119",FALSE
"Otu0122",FALSE
"Otu0128",FALSE
"Otu0132",FALSE
"Otu0139",FALSE
"Otu0142",FALSE
"Otu0143",FALSE
"Otu0153",FALSE
"Otu0156",FALSE
"Otu0163",FALSE
"Otu0171",FALSE
"Otu0182",FALSE
"Otu0199",FALSE
"Otu0212",FALSE
"Otu0215",FALSE
"Otu0233",FALSE
